// Jest Snapshot v1, https://goo.gl/fbAQLP

exports[`App should render 1`] = `
<header
  class="MuiPaper-root MuiAppBar-root MuiAppBar-positionStatic MuiAppBar-colorPrimary makeStyles-root-1 MuiPaper-elevation4"
>
  <div
    class="MuiToolbar-root MuiToolbar-regular MuiToolbar-gutters"
  >
    <h6
      class="MuiTypography-root makeStyles-title-3 MuiTypography-h6"
    >
      Investors
    </h6>
  </div>
</header>
`;
