// Jest Snapshot v1, https://goo.gl/fbAQLP

exports[`MenuBar should render 1`] = `
<header
  class="MuiPaper-root MuiAppBar-root MuiAppBar-positionStatic MuiAppBar-colorPrimary makeStyles-root-1 MuiPaper-elevation4"
>
  <div
    class="MuiToolbar-root MuiToolbar-regular MuiToolbar-gutters"
  >
    <button
      aria-label="back-icon"
      class="MuiButtonBase-root MuiIconButton-root makeStyles-backIconButton-2 MuiIconButton-colorInherit MuiIconButton-edgeStart"
      tabindex="0"
      type="button"
    >
      <span
        class="MuiIconButton-label"
      >
        <svg
          aria-hidden="true"
          class="MuiSvgIcon-root"
          focusable="false"
          role="presentation"
          viewBox="0 0 24 24"
        >
          <path
            d="M20 11H7.83l5.59-5.59L12 4l-8 8 8 8 1.41-1.41L7.83 13H20v-2z"
          />
        </svg>
      </span>
      <span
        class="MuiTouchRipple-root"
      />
    </button>
    <h6
      aria-label="title"
      class="MuiTypography-root makeStyles-title-3 MuiTypography-h6"
    >
      test title
    </h6>
  </div>
</header>
`;
